// Jest Snapshot v1, https://goo.gl/fbAQLP

exports[`renders correctly 1`] = `
<RCTSafeAreaView
  emulateUnlessSupported={true}
  style={
    Array [
      Object {
        "alignItems": "center",
        "borderRadius": 5,
        "height": 160,
        "justifyContent": "flex-start",
        "marginBottom": 10,
        "marginLeft": 0,
        "marginRight": 10,
        "marginTop": 10,
        "overflow": "hidden",
        "width": 120,
      },
    ]
  }
>
  <View
    style={
      Array [
        Object {
          "borderRadius": 5,
          "height": 130,
          "overflow": "hidden",
          "width": 120,
        },
      ]
    }
  >
    <Image
      source={
        Object {
          "uri": "http://image.tmdb.org/t/p/originalundefined",
        }
      }
      style={
        Object {
          "flex": 1,
          "resizeMode": "cover",
        }
      }
    />
  </View>
  <View
    style={
      Array [
        Object {
          "alignItems": "center",
          "borderRadius": 5,
          "flexDirection": "row",
          "height": 30,
          "paddingBottom": 5,
          "paddingHorizontal": 6,
          "paddingLeft": 0,
          "paddingRight": 5,
          "paddingTop": 5,
          "width": "100%",
        },
      ]
    }
  >
    <Text
      maxLength={5}
      numberOfLines={1}
      style={
        Array [
          Object {
            "color": "white",
          },
        ]
      }
    />
  </View>
</RCTSafeAreaView>
`;
